// Jest Snapshot v1, https://goo.gl/fbAQLP

exports[`Configuration/Uncompressed Source Code Webpack Final Rules Config test 1`] = `
<div class="Source sb-unstyled ">
  <pre class="prismjs">
    <code class="language-jsx"
          style="white-space: pre;"
    >
      <span class="token comment">
        // .storybook/main.mjs
      </span>
      <span class>
      </span>
      <span class>
      </span>
      <span class="token keyword">
        export
      </span>
      <span class>
      </span>
      <span class="token keyword">
        default
      </span>
      <span class>
      </span>
      <span class="token punctuation">
        {
      </span>
      <span class>
      </span>
      <span class>
      </span>
      <span class="token function-variable function">
        webpackFinal
      </span>
      <span class="token operator">
        :
      </span>
      <span class>
      </span>
      <span class="token keyword">
        async
      </span>
      <span class>
      </span>
      <span class="token punctuation">
        (
      </span>
      <span class="token parameter">
        config
      </span>
      <span class="token punctuation">
        )
      </span>
      <span class>
      </span>
      <span class="token operator">
        =&gt;
      </span>
      <span class>
      </span>
      <span class="token punctuation">
        {
      </span>
      <span class>
      </span>
      <span class>
      </span>
      <span class="token comment">
        // ? Ensure source code is not compressed and comments preserved
      </span>
      <span class>
      </span>
      <span class>
        config
      </span>
      <span class="token punctuation">
        .
      </span>
      <span class>
        optimization
      </span>
      <span class="token punctuation">
        .
      </span>
      <span class>
        minimizer
      </span>
      <span class="token punctuation">
        .
      </span>
      <span class="token function">
        map
      </span>
      <span class="token punctuation">
        (
      </span>
      <span class="token punctuation">
        (
      </span>
      <span class="token parameter">
        minimizer
      </span>
      <span class="token punctuation">
        )
      </span>
      <span class>
      </span>
      <span class="token operator">
        =&gt;
      </span>
      <span class>
      </span>
      <span class="token punctuation">
        {
      </span>
      <span class>
      </span>
      <span class>
        minimizer
      </span>
      <span class="token punctuation">
        .
      </span>
      <span class>
        options
      </span>
      <span class="token punctuation">
        .
      </span>
      <span class>
        minimizer
      </span>
      <span class="token punctuation">
        .
      </span>
      <span class>
        options
      </span>
      <span class="token punctuation">
        .
      </span>
      <span class>
        format
      </span>
      <span class="token operator">
        =
      </span>
      <span class>
      </span>
      <span class="token punctuation">
        {
      </span>
      <span class>
      </span>
      <span class="token literal-property property">
        comments
      </span>
      <span class="token operator">
        :
      </span>
      <span class>
      </span>
      <span class="token boolean">
        true
      </span>
      <span class>
      </span>
      <span class="token punctuation">
        }
      </span>
      <span class="token punctuation">
        ;
      </span>
      <span class>
      </span>
      <span class>
        minimizer
      </span>
      <span class="token punctuation">
        .
      </span>
      <span class>
        options
      </span>
      <span class="token punctuation">
        .
      </span>
      <span class>
        minimizer
      </span>
      <span class="token punctuation">
        .
      </span>
      <span class>
        options
      </span>
      <span class="token punctuation">
        .
      </span>
      <span class>
        compress
      </span>
      <span class="token operator">
        =
      </span>
      <span class>
      </span>
      <span class="token boolean">
        false
      </span>
      <span class="token punctuation">
        ;
      </span>
      <span class>
      </span>
      <span class>
      </span>
      <span class="token keyword">
        return
      </span>
      <span class>
        minimizer
      </span>
      <span class="token punctuation">
        ;
      </span>
      <span class>
      </span>
      <span class>
      </span>
      <span class="token punctuation">
        }
      </span>
      <span class="token punctuation">
        )
      </span>
      <span class="token punctuation">
        ;
      </span>
      <span class>
      </span>
      <span class>
      </span>
      <span class="token comment">
        // ...config settings
      </span>
      <span class>
      </span>
      <span class>
      </span>
      <span class="token keyword">
        return
      </span>
      <span class>
        config
      </span>
      <span class="token punctuation">
        ;
      </span>
      <span class>
      </span>
      <span class>
      </span>
      <span class="token punctuation">
        }
      </span>
      <span class="token punctuation">
        ,
      </span>
      <span class>
      </span>
      <span class>
      </span>
      <span class="token comment">
        // ...main.mjs configuration
      </span>
      <span class>
      </span>
      <span class>
      </span>
      <span class="token punctuation">
        }
      </span>
      <span class="token punctuation">
        ;
      </span>
    </code>
  </pre>
  <button>
    Copy
  </button>
</div>
`;
