// Jest Snapshot v1, https://goo.gl/fbAQLP

exports[`Configuration/Import Path Replacements Env test 1`] = `
<div class="Source sb-unstyled ">
  <pre class="prismjs">
    <code class="language-jsx"
          style="white-space: pre;"
    >
      <span class="token comment">
        // .storybook/main.mjs
      </span>
      <span class>
      </span>
      <span class>
      </span>
      <span class="token keyword">
        import
      </span>
      <span class>
        packageJson
      </span>
      <span class="token keyword">
        from
      </span>
      <span class>
      </span>
      <span class="token string">
        '../package.json'
      </span>
      <span class="token punctuation">
        ;
      </span>
      <span class>
      </span>
      <span class>
      </span>
      <span class="token keyword">
        export
      </span>
      <span class>
      </span>
      <span class="token keyword">
        default
      </span>
      <span class>
      </span>
      <span class="token punctuation">
        {
      </span>
      <span class>
      </span>
      <span class>
      </span>
      <span class="token function-variable function">
        env
      </span>
      <span class="token operator">
        :
      </span>
      <span class>
      </span>
      <span class="token punctuation">
        (
      </span>
      <span class="token parameter">
        config
      </span>
      <span class="token punctuation">
        )
      </span>
      <span class>
      </span>
      <span class="token operator">
        =&gt;
      </span>
      <span class>
      </span>
      <span class="token punctuation">
        (
      </span>
      <span class="token punctuation">
        {
      </span>
      <span class>
      </span>
      <span class>
      </span>
      <span class="token operator">
        ...
      </span>
      <span class>
        config
      </span>
      <span class="token punctuation">
        ,
      </span>
      <span class>
      </span>
      <span class>
      </span>
      <span class="token constant">
        IMPORT_PATH_REPLACEMENTS
      </span>
      <span class="token operator">
        :
      </span>
      <span class>
      </span>
      <span class="token constant">
        JSON
      </span>
      <span class="token punctuation">
        .
      </span>
      <span class="token function">
        stringify
      </span>
      <span class="token punctuation">
        (
      </span>
      <span class="token punctuation">
        {
      </span>
      <span class>
      </span>
      <span class>
      </span>
      <span class="token string-property property">
        '^'
      </span>
      <span class="token operator">
        :
      </span>
      <span class>
      </span>
      <span class="token template-string template-punctuation string">
        \`
      </span>
      <span class="token template-string interpolation interpolation-punctuation punctuation">
        \${
      </span>
      <span class="token template-string interpolation">
        packageJson
      </span>
      <span class="token template-string interpolation punctuation">
        .
      </span>
      <span class="token template-string interpolation">
        name
      </span>
      <span class="token template-string interpolation interpolation-punctuation punctuation">
        }
      </span>
      <span class="token template-string string">
        /
      </span>
      <span class="token template-string template-punctuation string">
        \`
      </span>
      <span class="token punctuation">
        ,
      </span>
      <span class>
      </span>
      <span class="token comment">
        // Prepend package name to relative paths
      </span>
      <span class>
      </span>
      <span class>
      </span>
      <span class="token string-property property">
        '../'
      </span>
      <span class="token operator">
        :
      </span>
      <span class>
      </span>
      <span class="token string">
        ''
      </span>
      <span class="token punctuation">
        ,
      </span>
      <span class>
      </span>
      <span class="token comment">
        // Remove "parent directory" relative path segments
      </span>
      <span class>
      </span>
      <span class>
      </span>
      <span class="token string-property property">
        './'
      </span>
      <span class="token operator">
        :
      </span>
      <span class>
      </span>
      <span class="token string">
        ''
      </span>
      <span class="token punctuation">
        ,
      </span>
      <span class>
      </span>
      <span class="token comment">
        // Remove "current directory" relative path segments
      </span>
      <span class>
      </span>
      <span class>
      </span>
      <span class="token string-property property">
        'src/'
      </span>
      <span class="token operator">
        :
      </span>
      <span class>
      </span>
      <span class="token string">
        'dist/'
      </span>
      <span class="token punctuation">
        ,
      </span>
      <span class>
      </span>
      <span class="token comment">
        // Replace "src/" with "dist/"
      </span>
      <span class>
      </span>
      <span class>
      </span>
      <span class="token punctuation">
        }
      </span>
      <span class="token punctuation">
        )
      </span>
      <span class="token punctuation">
        ,
      </span>
      <span class>
      </span>
      <span class>
      </span>
      <span class="token punctuation">
        }
      </span>
      <span class="token punctuation">
        )
      </span>
      <span class="token punctuation">
        ,
      </span>
      <span class>
      </span>
      <span class>
      </span>
      <span class="token comment">
        // ...main.mjs configuration
      </span>
      <span class>
      </span>
      <span class>
      </span>
      <span class="token punctuation">
        }
      </span>
      <span class="token punctuation">
        ;
      </span>
    </code>
  </pre>
  <button>
    Copy
  </button>
</div>
`;
